// Jest Snapshot v1, https://goo.gl/fbAQLP

exports[`snapshot for snapshot component 1`] = `
<DocumentFragment>
  <div>
    Snapshot
  </div>
</DocumentFragment>
`;
